Copyright 1986-2019 Xilinx, Inc. All Rights Reserved.
-------------------------------------------------------------------------------------------
| Tool Version : Vivado v.2019.1 (lin64) Build 2552052 Fri May 24 14:47:09 MDT 2019
| Date         : Thu Sep 26 19:42:16 2019
| Host         : pop-os running 64-bit Pop!_OS 18.04 LTS
| Command      : report_control_sets -verbose -file mfp_nexys4_ddr_control_sets_placed.rpt
| Design       : mfp_nexys4_ddr
| Device       : xc7a100t
-------------------------------------------------------------------------------------------

Control Set Information

Table of Contents
-----------------
1. Summary
2. Histogram
3. Flip-Flop Distribution
4. Detailed Control Set Information

1. Summary
----------

+----------------------------------------------------------+-------+
|                          Status                          | Count |
+----------------------------------------------------------+-------+
| Total control sets                                       |   314 |
|    Minimum number of control sets                        |   314 |
|    Addition due to synthesis replication                 |     0 |
|    Addition due to physical synthesis replication        |     0 |
| Unused register locations in slices containing registers |   643 |
+----------------------------------------------------------+-------+
* Control sets can be merged at opt_design using control_set_merge or merge_equivalent_drivers
** Run report_qor_suggestions for automated merging and remapping suggestions


2. Histogram
------------

+--------------------+-------+
|       Fanout       | Count |
+--------------------+-------+
| Total control sets |   314 |
| >= 0 to < 4        |     9 |
| >= 4 to < 6        |    48 |
| >= 6 to < 8        |     8 |
| >= 8 to < 10       |    52 |
| >= 10 to < 12      |     7 |
| >= 12 to < 14      |     7 |
| >= 14 to < 16      |     3 |
| >= 16              |   180 |
+--------------------+-------+
* Control sets can be remapped at either synth_design or opt_design


3. Flip-Flop Distribution
-------------------------

+--------------+-----------------------+------------------------+-----------------+--------------+
| Clock Enable | Synchronous Set/Reset | Asynchronous Set/Reset | Total Registers | Total Slices |
+--------------+-----------------------+------------------------+-----------------+--------------+
| No           | No                    | No                     |            1181 |          478 |
| No           | No                    | Yes                    |              42 |           18 |
| No           | Yes                   | No                     |             146 |           57 |
| Yes          | No                    | No                     |            6364 |         2511 |
| Yes          | No                    | Yes                    |              67 |           21 |
| Yes          | Yes                   | No                     |             645 |          187 |
+--------------+-----------------------+------------------------+-----------------+--------------+


4. Detailed Control Set Information
-----------------------------------

+--------------------------+---------------------------------------------------------------------------------------------------+------------------------------------------------------------------------------------------------+------------------+----------------+
|       Clock Signal       |                                           Enable Signal                                           |                                        Set/Reset Signal                                        | Slice Load Count | Bel Load Count |
+--------------------------+---------------------------------------------------------------------------------------------------+------------------------------------------------------------------------------------------------+------------------+----------------+
|  tck                     |                                                                                                   | mfp_sys/top/cpu/core/ejt/ejt_tap/ejt_tck/_reset_unsync/q_reg[0]_1                              |                1 |              1 |
| ~tck                     |                                                                                                   |                                                                                                |                1 |              1 |
|  tck                     | mfp_sys/top/cpu/core/ejt/ejt_tap/ejt_tck/_inst_reg41_4_1_/q_reg[0]_4                              | mfp_sys/top/cpu/core/cpz/_ie_pipe_out_5_0_/cregister/cregister/Q[1]                            |                1 |              1 |
|  clk_wiz_0/inst/clk_out1 | mfp_sys/top/cpu/core/mpc/mpc_ctl/_ie_pipe_out_50_0_/cregister/cregister/cond07_out_2              |                                                                                                |                1 |              1 |
|  tck                     |                                                                                                   | mfp_sys/top/cpu/core/ejt/ejt_tap/ejt_tck/_reset_unsync/q_reg[0]_0                              |                2 |              2 |
|  clk_wiz_0/inst/clk_out1 | mfp_sys/top/cpu/core/dcc/_dcop_done/p_0_in                                                        |                                                                                                |                1 |              2 |
|  clk_wiz_0/inst/clk_out1 | mfp_sys/top/cpu/core/dcc/_dcop_done/q_reg[0]_1                                                    |                                                                                                |                1 |              2 |
|  clk_wiz_0/inst/clk_out1 | mfp_sys/top/cpu/core/dcc/_dcop_done/q_reg[0]_2                                                    |                                                                                                |                1 |              2 |
|  clk_wiz_0/inst/clk_out1 | mfp_sys/top/cpu/core/mpc/mpc_ctl/_ie_pipe_out_50_0_/cregister/cregister/cond07_out_2              | mfp_sys/top/cpu/core/siu/_siu_coldreset/q_reg[0]_17                                            |                1 |              3 |
|  clk_wiz_0/inst/clk_out1 | mfp_sys/top/cpu/core/dcc/_dcc_dmiss_m_ev_reg/mpc_run_w                                            | mfp_sys/top/cpu/core/dcc/_fb_wb_idx_match_reg/q_reg[0]_4                                       |                2 |              4 |
|  clk_wiz_0/inst/clk_out1 | mfp_sys/top/cpu/core/biu/_HADDR_31_0_/cregister/cregister/q_reg[0]_9[0]                           | mfp_sys/top/cpu/core/biu/_HADDR_31_0_/cregister/cregister/q_reg[0]_28                          |                1 |              4 |
|  clk_wiz_0/inst/clk_out1 | mfp_sys/top/cpu/core/biu/_HADDR_31_0_/cregister/cregister/q_reg[0]_6[0]                           | mfp_sys/top/cpu/core/biu/_HADDR_31_0_/cregister/cregister/q_reg[0]_26                          |                1 |              4 |
|  clk_wiz_0/inst/clk_out1 | mfp_sys/top/cpu/core/biu/_HADDR_31_0_/cregister/cregister/cond02_out                              | mfp_sys/top/cpu/core/siu/_siu_coldreset/q_reg[0]_1                                             |                1 |              4 |
|  clk_wiz_0/inst/clk_out1 | mfp_sys/top/cpu/core/biu/_HADDR_31_0_/cregister/cregister/cond03_out                              | mfp_sys/top/cpu/core/siu/_siu_coldreset/q_reg[0]_1                                             |                1 |              4 |
|  clk_wiz_0/inst/clk_out1 | mfp_sys/top/cpu/core/biu/_HADDR_31_0_/cregister/cregister/dbv_we_sel                              | mfp_sys/top/cpu/core/biu/_HADDR_31_0_/cregister/cregister/q_reg[0]_22                          |                1 |              4 |
|  clk_wiz_0/inst/clk_out1 | mfp_sys/top/cpu/core/biu/_HADDR_31_0_/cregister/cregister/q_reg[0]_11[0]                          | mfp_sys/top/cpu/core/biu/_HADDR_31_0_/cregister/cregister/q_reg[0]_29                          |                2 |              4 |
|  clk_wiz_0/inst/clk_out1 | mfp_sys/top/cpu/core/biu/_HADDR_31_0_/cregister/cregister/q_reg[0]_14[0]                          | mfp_sys/top/cpu/core/biu/_HADDR_31_0_/cregister/cregister/q_reg[0]_31                          |                1 |              4 |
|  clk_wiz_0/inst/clk_out1 | mfp_sys/top/cpu/core/biu/_HADDR_31_0_/cregister/cregister/q_reg[0]_16[0]                          | mfp_sys/top/cpu/core/biu/_HADDR_31_0_/cregister/cregister/q_reg[0]_32                          |                1 |              4 |
|  clk_wiz_0/inst/clk_out1 | mfp_sys/top/cpu/core/biu/_HADDR_31_0_/cregister/cregister/p_2_in3_in                              | mfp_sys/top/cpu/core/biu/_HADDR_31_0_/cregister/cregister/q_reg[0]_0                           |                1 |              4 |
|  clk_wiz_0/inst/clk_out1 | mfp_sys/top/cpu/core/biu/_HADDR_31_0_/cregister/cregister/E[0]                                    | mfp_sys/top/cpu/core/biu/_HADDR_31_0_/cregister/cregister/q_reg[0]_25                          |                2 |              4 |
|  clk_wiz_0/inst/clk_out1 | mfp_sys/top/cpu/core/dcc/fb/_raw_fb_replinf_12_0_/cregister/cregister/valid_word_here_c           | mfp_sys/top/cpu/core/dcc/fb/_valid_word_here_reg_3_0_/cregister/cregister/q[3]_i_1_n_0         |                1 |              4 |
|  clk_wiz_0/inst/clk_out1 | mfp_sys/top/cpu/core/dcc/fb/_raw_fb_replinf_12_0_/cregister/cregister/q_reg[0]_30[0]              |                                                                                                |                2 |              4 |
|  clk_wiz_0/inst/clk_out1 | mfp_sys/top/cpu/core/dcc/fb/_ld_mtag_reg/rd_req_sent                                              |                                                                                                |                1 |              4 |
|  clk_wiz_0/inst/clk_out1 | mfp_sys/top/cpu/core/dcc/fb/_ld_mtag_reg/q_reg[0]_7[0]                                            |                                                                                                |                2 |              4 |
|  clk_wiz_0/inst/clk_out1 | mfp_sys/top/cpu/core/dcc/_dccop_w/q_reg[0]_31                                                     |                                                                                                |                2 |              4 |
|  clk_wiz_0/inst/clk_out1 | mfp_sys/mfp_ejtag_reset/trst_delay[3]_i_1_n_0                                                     |                                                                                                |                1 |              4 |
|  clk_wiz_0/inst/clk_out1 | mfp_sys/mfp_ahb_withloader/mfp_srec_parser/reg_byte_data[3]_i_1_n_0                               |                                                                                                |                2 |              4 |
|  clk_wiz_0/inst/clk_out1 | mfp_sys/top/cpu/core/mpc/mpc_exc/_new_exc_id/new_exc_id                                           |                                                                                                |                3 |              4 |
|  clk_wiz_0/inst/clk_out1 | mfp_sys/top/cpu/core/mpc/mpc_dec/_int_ir_e_31_0_/cregister/cregister/q_reg[0]_2                   | mfp_sys/top/cpu/core/mpc/mpc_dec/_int_ir_e_31_0_/cregister/cregister/q_reg[23]_0               |                2 |              4 |
|  clk_wiz_0/inst/clk_out1 | mfp_sys/top/cpu/core/dcc/_ev_dirtyway_reg_reg/cond047_out                                         | mfp_sys/top/cpu/core/dcc/_ev_dirtyway_reg/q_reg[0]_0                                           |                1 |              4 |
|  clk_wiz_0/inst/clk_out1 | mfp_sys/top/cpu/core/dcc/_new_addr_sync/dcc_exnewaddr                                             | mfp_sys/top/cpu/core/dcc/_ev_word_reg_1_0_/q_reg[0]_4                                          |                1 |              4 |
|  clk_wiz_0/inst/clk_out1 | mfp_sys/top/cpu/core/dcc/_new_addr_sync/dcc_exnewaddr                                             | mfp_sys/top/cpu/core/dcc/_ev_word_reg_1_0_/q_reg[0]_2                                          |                1 |              4 |
|  clk_wiz_0/inst/clk_out1 | mfp_sys/top/cpu/core/dcc/_new_addr_sync/dcc_exnewaddr                                             | mfp_sys/top/cpu/core/dcc/_ev_word_reg_1_0_/q_reg[0]_3                                          |                1 |              4 |
|  clk_wiz_0/inst/clk_out1 | mfp_sys/top/cpu/core/dcc/_new_addr_sync/dcc_exnewaddr                                             | mfp_sys/top/cpu/core/dcc/_ev_word_reg_1_0_/q_reg[1]_1                                          |                1 |              4 |
|  clk_wiz_0/inst/clk_out1 | mfp_sys/top/cpu/core/mpc/mpc_ctl/_coptype_md_3_0_/q_reg[0]_8[0]                                   |                                                                                                |                2 |              4 |
|  clk_wiz_0/inst/clk_out1 | mfp_sys/top/cpu/core/dcc/_raw_dsync_m/E[0]                                                        |                                                                                                |                1 |              4 |
|  clk_wiz_0/inst/clk_out1 | mfp_sys/top/cpu/core/icc/_enable_ireq/enable_ireq                                                 |                                                                                                |                1 |              4 |
|  clk_wiz_0/inst/clk_out1 | mfp_sys/top/cpu/core/mpc/mpc_ctl/_coptype_md_3_0_/q_reg[0]_9[0]                                   |                                                                                                |                2 |              4 |
|  clk_wiz_0/inst/clk_out1 |                                                                                                   | mfp_sys/top/cpu/core/ejt/ejt_tap/ejt_tck/_reset_unsync/q_reg[0]_0                              |                2 |              4 |
|  clk_wiz_0/inst/clk_out1 |                                                                                                   | mfp_sys/top/cpu/core/mpc/mpc_dec/_int_ir_e_31_0_/cregister/cregister/q_reg[0]_16               |                1 |              4 |
|  clk_wiz_0/inst/clk_out1 |                                                                                                   | mfp_sys/top/cpu/core/mpc/mpc_dec/_int_ir_e_31_0_/cregister/cregister/q_reg[0]_13               |                2 |              4 |
|  clk_wiz_0/inst/clk_out1 |                                                                                                   | mfp_sys/top/cpu/core/mdunit/mdl_ctl/_uc_reg_out_20_0_/cregister/register_inst/q[5]_i_1__91_n_0 |                1 |              4 |
|  clk_wiz_0/inst/clk_out1 |                                                                                                   | mfp_sys/top/cpu/core/mpc/mpc_dec/_int_ir_e_31_0_/cregister/cregister/q_reg[0]_2                |                4 |              4 |
|  tck                     |                                                                                                   | mfp_sys/top/cpu/core/siu/_siu_coldreset/q_reg[0]_1                                             |                2 |              4 |
|  clk_wiz_0/inst/clk_out1 |                                                                                                   | mfp_sys/top/cpu/core/icc/_raw_fb_repl_inf_12_0_/q_reg[11]_0                                    |                2 |              4 |
|  clk_wiz_0/inst/clk_out1 |                                                                                                   | mfp_sys/top/cpu/core/icc/_ireq/ld_tag                                                          |                1 |              4 |
|  clk_wiz_0/inst/clk_out1 |                                                                                                   | mfp_sys/top/cpu/core/dcc/_ev_way_reg_3_0_/q_reg[3]_0                                           |                1 |              4 |
|  clk_wiz_0/inst/clk_out1 |                                                                                                   | mfp_sys/top/cpu/core/dcc/_killable_m_reg/q_reg[0]_1                                            |                1 |              4 |
|  clk_wiz_0/inst/clk_out1 |                                                                                                   | mfp_sys/top/cpu/core/dcc/_fb_wb_idx_match_reg/q_reg[0]_11                                      |                2 |              4 |
|  clk_wiz_0/inst/clk_out1 |                                                                                                   | mfp_sys/top/cpu/core/dcc/_ev_dirtyway_reg/q_reg[0]_0                                           |                3 |              4 |
|  tck                     | mfp_sys/top/cpu/core/ejt/ejt_tap/ejt_tck/_inst_reg41_4_1_/q_reg[0]_4                              |                                                                                                |                1 |              4 |
|  tck                     |                                                                                                   | mfp_sys/mfp_ejtag_reset/trst_n_reg_0                                                           |                2 |              5 |
|  clk_wiz_0/inst/clk_out1 | mfp_sys/top/cpu/core/mpc/mpc_ctl/_ie_pipe_out_50_0_/cregister/cregister/q_reg[29]_5[0]            |                                                                                                |                3 |              5 |
|  tck                     | mfp_sys/top/cpu/core/ejt/ejt_tap/ejt_tck/_tap_ctrl_3_0_/q_reg[1]_2[0]                             | mfp_sys/mfp_ejtag_reset/trst_n_reg_0                                                           |                3 |              5 |
|  clk_wiz_0/inst/clk_out1 |                                                                                                   | mfp_sys/top/cpu/core/mdunit/mdl_ctl/_uc_reg_out_20_0_/cregister/register_inst/q_reg[3]_0       |                1 |              5 |
|  clk_wiz_0/inst/clk_out1 | mfp_sys/top/cpu/core/dcc/_fb_wb_idx_match_reg/E[0]                                                |                                                                                                |                2 |              5 |
|  clk_wiz_0/inst/clk_out1 | mfp_sys/mfp_ahb_withloader/mfp_uart_receiver/Q[0]                                                 | mfp_sys/mfp_ahb_withloader/mfp_uart_receiver/CPU_RESETN                                        |                2 |              5 |
|  clk_wiz_0/inst/clk_out1 |                                                                                                   | mfp_sys/top/cpu/core/mpc/mpc_dec/_int_ir_e_31_0_/cregister/cregister/q_reg[5]_0                |                4 |              6 |
|  clk_wiz_0/inst/clk_out1 | mfp_sys/top/cpu/core/siu/_siu_coldreset/q_reg[0]_4                                                | mfp_sys/top/cpu/core/siu/_siu_coldreset/q_reg[0]_8                                             |                2 |              6 |
|  clk_wiz_0/inst/clk_out1 | mfp_sys/top/cpu/core/dcc/_fb_wb_idx_match_reg/mpc_run_m                                           | mfp_sys/top/cpu/core/mpc/mpc_exc/_exc_type_reg_5_0_/q_reg[0]_0                                 |                3 |              6 |
|  clk_wiz_0/inst/clk_out1 | mfp_sys/top/cpu/core/mpc/mpc_ctl/_ie_pipe_out_50_0_/cregister/cregister/cond071_out               |                                                                                                |                3 |              6 |
|  clk_wiz_0/inst/clk_out1 | mfp_sys/top/cpu/core/cpz/_errctl_11_8_/cregister/cregister/E[0]                                   |                                                                                                |                3 |              6 |
|  clk_wiz_0/inst/clk_out1 | mfp_sys/top/cpu/core/biu/_HADDR_31_0_/cregister/cregister/cond011_out                             | mfp_sys/top/cpu/core/q[1]_i_1_n_0                                                              |                2 |              7 |
|  clk_wiz_0/inst/clk_out1 | mfp_sys/top/cpu/core/mpc/mpc_ctl/_ie_pipe_out_50_0_/cregister/cregister/cond071_out               | mfp_sys/top/cpu/core/siu/_siu_coldreset/q_reg[0]_16                                            |                3 |              7 |
|  clk_wiz_0/inst/clk_out1 | mfp_sys/top/cpu/core/mpc/mpc_ctl/_ie_pipe_out_50_0_/cregister/cregister/cond046_out               |                                                                                                |                4 |              7 |
|  clk_wiz_0/inst/clk_out1 | mfp_sys/top/cpu/core/dcc/fb/_dval_m_reg_3_2_/q_reg[3][0]                                          |                                                                                                |                3 |              8 |
|  clk_wiz_0/inst/clk_out1 | mfp_sys/top/cpu/core/dcc/fb/_dval_m_reg_3_2_/q_reg[8][0]                                          |                                                                                                |                1 |              8 |
|  clk_wiz_0/inst/clk_out1 | mfp_sys/top/cpu/core/dcc/fb/_dval_m_reg_3_2_/q_reg[2][0]                                          |                                                                                                |                2 |              8 |
|  clk_wiz_0/inst/clk_out1 | mfp_sys/top/cpu/core/dcc/fb/_dval_m_reg_3_2_/q_reg[1]_0[0]                                        |                                                                                                |                4 |              8 |
|  clk_wiz_0/inst/clk_out1 | mfp_sys/top/cpu/core/dcc/fb/_dval_m_reg_3_2_/q_reg[15][0]                                         |                                                                                                |                3 |              8 |
|  clk_wiz_0/inst/clk_out1 | mfp_sys/top/cpu/core/dcc/fb/_dval_m_reg_3_2_/q_reg[13][0]                                         |                                                                                                |                3 |              8 |
|  clk_wiz_0/inst/clk_out1 | mfp_sys/top/cpu/core/dcc/fb/_dval_m_reg_3_2_/q_reg[12][0]                                         |                                                                                                |                4 |              8 |
|  clk_wiz_0/inst/clk_out1 | mfp_sys/top/cpu/core/dcc/fb/_dval_m_reg_3_2_/q_reg[14][0]                                         |                                                                                                |                1 |              8 |
|  clk_wiz_0/inst/clk_out1 | mfp_sys/top/cpu/core/dcc/fb/_dval_m_reg_3_2_/q_reg[11][0]                                         |                                                                                                |                2 |              8 |
|  clk_wiz_0/inst/clk_out1 | mfp_sys/top/cpu/core/dcc/fb/_dval_m_reg_3_2_/q_reg[10][0]                                         |                                                                                                |                3 |              8 |
|  clk_wiz_0/inst/clk_out1 | mfp_sys/top/cpu/core/dcc/fb/_dval_m_reg_3_2_/E[0]                                                 |                                                                                                |                3 |              8 |
|  clk_wiz_0/inst/clk_out1 | mfp_sys/top/cpu/core/mpc/mpc_ctl/_ie_pipe_out_50_0_/cregister/cregister/q_reg[25]_6[0]            |                                                                                                |                3 |              8 |
|  clk_wiz_0/inst/clk_out1 | mfp_sys/top/cpu/core/dcc/fb/_dval_m_reg_3_2_/q_reg[4][0]                                          |                                                                                                |                2 |              8 |
|  clk_wiz_0/inst/clk_out1 | mfp_sys/top/cpu/core/dcc/fb/_dval_m_reg_3_2_/q_reg[5][0]                                          |                                                                                                |                2 |              8 |
|  clk_wiz_0/inst/clk_out1 | mfp_sys/top/cpu/core/dcc/fb/_dval_m_reg_3_2_/q_reg[6][0]                                          |                                                                                                |                2 |              8 |
|  clk_wiz_0/inst/clk_out1 | mfp_sys/top/cpu/core/dcc/fb/_dval_m_reg_3_2_/q_reg[7][0]                                          |                                                                                                |                3 |              8 |
|  clk_wiz_0/inst/clk_out1 | mfp_sys/top/cpu/core/mpc/mpc_ctl/_mpc_atomic_w/cond014_out                                        | mfp_sys/top/cpu/core/mpc/mpc_ctl/_mpc_atomic_w/q_reg[0]_5                                      |                2 |              8 |
|  clk_wiz_0/inst/clk_out1 | mfp_sys/top/cpu/core/dcc/fb/_dval_m_reg_3_2_/q_reg[9][0]                                          |                                                                                                |                2 |              8 |
|  clk_wiz_0/inst/clk_out1 | mfp_sys/top/cpu/core/mmu/tlb_cpy/_random_4_0_/tagwrclken_16[4]                                    | mfp_sys/top/cpu/core/mmu/tlb_cpy/_random_4_0_/q_reg[0]_8                                       |                2 |              8 |
|  clk_wiz_0/inst/clk_out1 | mfp_sys/top/cpu/core/mmu/tlb_cpy/_random_4_0_/tagwrclken_16[5]                                    | mfp_sys/top/cpu/core/mmu/tlb_cpy/_random_4_0_/q_reg[0]_7                                       |                2 |              8 |
|  clk_wiz_0/inst/clk_out1 | mfp_sys/top/cpu/core/mmu/tlb_cpy/_random_4_0_/tagwrclken_16[6]                                    | mfp_sys/top/cpu/core/mmu/tlb_cpy/_random_4_0_/q_reg[0]_6                                       |                4 |              8 |
|  clk_wiz_0/inst/clk_out1 | mfp_sys/top/cpu/core/mmu/tlb_cpy/_random_4_0_/tagwrclken_16[9]                                    | mfp_sys/top/cpu/core/mmu/tlb_cpy/_random_4_0_/q_reg[0]_3                                       |                2 |              8 |
|  clk_wiz_0/inst/clk_out1 | mfp_sys/top/cpu/core/mmu/tlb_cpy/_random_4_0_/tagwrclken_16[11]                                   | mfp_sys/top/cpu/core/mmu/tlb_cpy/_random_4_0_/q_reg[0]_0                                       |                2 |              8 |
|  clk_wiz_0/inst/clk_out1 | mfp_sys/top/cpu/core/mmu/tlb_cpy/_random_4_0_/tagwrclken_16[10]                                   | mfp_sys/top/cpu/core/mmu/tlb_cpy/_random_4_0_/q_reg[0]_2                                       |                3 |              8 |
|  clk_wiz_0/inst/clk_out1 | mfp_sys/top/cpu/core/mmu/tlb_cpy/_random_4_0_/tagwrclken_16[8]                                    | mfp_sys/top/cpu/core/mmu/tlb_cpy/_random_4_0_/q_reg[0]_4                                       |                2 |              8 |
|  clk_wiz_0/inst/clk_out1 | mfp_sys/top/cpu/core/mmu/tlb_cpy/_random_4_0_/tagwrclken_16[7]                                    | mfp_sys/top/cpu/core/mmu/tlb_cpy/_random_4_0_/q_reg[0]_5                                       |                2 |              8 |
|  clk_wiz_0/inst/clk_out1 | mfp_sys/top/cpu/core/dcc/fb/_ld_mtag_reg/q_reg[0]_8[0]                                            |                                                                                                |                4 |              8 |
|  clk_wiz_0/inst/clk_out1 | mfp_sys/top/cpu/core/mpc/mpc_ctl/_mpc_atomic_w/cond014_out                                        | mfp_sys/top/cpu/core/mpc/mpc_ctl/_mpc_atomic_w/q_reg[0]_4                                      |                3 |              8 |
|  clk_wiz_0/inst/clk_out1 | mfp_sys/top/cpu/core/mpc/mpc_ctl/_mpc_atomic_w/cond014_out                                        | mfp_sys/top/cpu/core/mpc/mpc_ctl/_mpc_atomic_w/q_reg[0]_3                                      |                3 |              8 |
|  clk_wiz_0/inst/clk_out1 | mfp_sys/top/cpu/core/mpc/mpc_ctl/_mpc_atomic_w/cond014_out                                        | mfp_sys/top/cpu/core/mpc/mpc_ctl/_mpc_atomic_w/q_reg[0]_2                                      |                3 |              8 |
|  clk_wiz_0/inst/clk_out1 | mfp_sys/mfp_ahb_withloader/mfp_srec_parser/reg_count[7]_i_1_n_0                                   |                                                                                                |                4 |              8 |
|  clk_wiz_0/inst/clk_out1 | mfp_sys/mfp_ahb_withloader/mfp_uart_receiver/byte_data[7]_i_1_n_0                                 |                                                                                                |                3 |              8 |
|  clk_wiz_0/inst/clk_out1 | mfp_sys/top/cpu/core/biu/_HADDR_31_0_/cregister/cregister/q_reg[0]_13                             | mfp_sys/top/cpu/core/biu/_HADDR_31_0_/cregister/cregister/q_reg[0]_30                          |                2 |              8 |
|  clk_wiz_0/inst/clk_out1 | mfp_sys/top/cpu/core/biu/_HADDR_31_0_/cregister/cregister/q_reg[0]_3                              | mfp_sys/top/cpu/core/biu/_HADDR_31_0_/cregister/cregister/q_reg[0]_24                          |                2 |              8 |
|  clk_wiz_0/inst/clk_out1 | mfp_sys/top/cpu/core/biu/_HADDR_31_0_/cregister/cregister/q_reg[0]_8                              | mfp_sys/top/cpu/core/biu/_HADDR_31_0_/cregister/cregister/q_reg[0]_27                          |                2 |              8 |
|  clk_wiz_0/inst/clk_out1 | mfp_sys/top/cpu/core/mmu/tlb_cpy/_random_4_0_/tagwrclken_16[1]                                    | mfp_sys/top/cpu/core/mmu/tlb_cpy/_random_4_0_/q_reg[0]_11                                      |                3 |              8 |
|  clk_wiz_0/inst/clk_out1 | mfp_sys/top/cpu/core/mmu/tlb_cpy/_random_4_0_/tagwrclken_16[0]                                    | mfp_sys/top/cpu/core/mmu/tlb_cpy/_random_4_0_/q_reg[0]_12                                      |                2 |              8 |
|  clk_wiz_0/inst/clk_out1 | mfp_sys/top/cpu/core/mmu/tlb_cpy/_random_4_0_/tagwrclken_16[2]                                    | mfp_sys/top/cpu/core/mmu/tlb_cpy/_random_4_0_/q_reg[0]_10                                      |                2 |              8 |
|  clk_wiz_0/inst/clk_out1 | mfp_sys/top/cpu/core/mmu/tlb_cpy/_random_4_0_/tagwrclken_16[3]                                    | mfp_sys/top/cpu/core/mmu/tlb_cpy/_random_4_0_/q_reg[0]_9                                       |                2 |              8 |
|  clk_wiz_0/inst/clk_out1 | mfp_sys/top/cpu/core/mmu/tlb_ctl/_rawcp0write_m/tagwrclken_16[3]                                  | mfp_sys/top/cpu/core/mmu/tlb_ctl/_rawcp0write_m/q_reg[0]_1                                     |                2 |              8 |
|  clk_wiz_0/inst/clk_out1 | mfp_sys/top/cpu/core/cpz/_errctl_11_8_/cregister/cregister/q_reg[0]_2[0]                          |                                                                                                |                4 |              8 |
|  clk_wiz_0/inst/clk_out1 | mfp_sys/top/cpu/core/cpz/_countb1_7_0_/cregister/cregister/E[0]                                   |                                                                                                |                4 |              8 |
|  clk_wiz_0/inst/clk_out1 | mfp_sys/top/cpu/core/cpz/_countb2_7_0_/cregister/cregister/E[0]                                   |                                                                                                |                4 |              8 |
|  clk_wiz_0/inst/clk_out1 | mfp_sys/top/cpu/core/mmu/tlb_ctl/_rawcp0write_m/tagwrclken_16[0]                                  | mfp_sys/top/cpu/core/mmu/tlb_ctl/_rawcp0write_m/q_reg[0]_5                                     |                2 |              8 |
|  clk_wiz_0/inst/clk_out1 | mfp_sys/top/cpu/core/cpz/_count_inc/E[0]                                                          |                                                                                                |                3 |              8 |
|  clk_wiz_0/inst/clk_out1 | mfp_sys/mfp_ahb_withloader/mfp_uart_receiver/shifted_1[7]_i_1_n_0                                 | mfp_sys/mfp_ahb_withloader/mfp_uart_receiver/CPU_RESETN                                        |                3 |              8 |
|  clk_wiz_0/inst/clk_out1 | mfp_sys/top/cpu/core/mmu/tlb_ctl/_rawcp0write_m/tagwrclken_16[1]                                  | mfp_sys/top/cpu/core/mmu/tlb_ctl/_rawcp0write_m/q_reg[0]_4                                     |                2 |              8 |
|  clk_wiz_0/inst/clk_out1 | mfp_sys/top/cpu/core/mmu/tlb_ctl/_rawcp0write_m/tagwrclken_16[2]                                  | mfp_sys/top/cpu/core/mmu/tlb_ctl/_rawcp0write_m/q_reg[0]_3                                     |                2 |              8 |
|  clk_wiz_0/inst/clk_out1 | mfp_sys/top/cpu/core/cpz/_countb0_7_0_/cregister/cregister/E[0]                                   |                                                                                                |                4 |              8 |
|  clk_wiz_0/inst/clk_out1 | mfp_sys/top/cpu/core/mpc/mpc_ctl/_ie_pipe_out_50_0_/cregister/cregister/q_reg[29]_3[0]            |                                                                                                |                2 |              9 |
|  tck                     | mfp_sys/top/cpu/core/ejt/ejt_tap/ejt_tck/_inst_reg41_4_1_/cond093_out                             | mfp_sys/top/cpu/core/ejt/ejt_tap/ejt_tck/_inst_reg41_4_1_/q_reg[0]_9                           |                3 |              9 |
|  clk_wiz_0/inst/clk_out1 | mfp_sys/top/cpu/core/icc/_icache_read_i/icache_read_i                                             |                                                                                                |                5 |              9 |
|  clk_wiz_0/inst/clk_out1 | mfp_sys/top/cpu/core/mpc/mpc_ctl/_coptype_md_3_0_/cond032_out                                     |                                                                                                |                4 |             10 |
|  clk_wiz_0/inst/clk_out1 | mfp_sys/top/cpu/core/dcc/_fb_wb_idx_match_reg/mpc_run_m                                           | mfp_sys/top/cpu/core/mpc/mpc_ctl/_m_pipe_out_46_0_/cregister/cregister/q_reg[13]_0             |                3 |             10 |
|  clk_wiz_0/inst/clk_out1 | mfp_sys/top/cpu/core/mpc/mpc_ctl/_ie_pipe_out_50_0_/cregister/cregister/q_reg[26]_rep__1_16[0]    |                                                                                                |                6 |             10 |
|  clk_wiz_0/inst/clk_out1 | mfp_sys/top/cpu/core/mpc/mpc_ctl/_ie_pipe_out_50_0_/cregister/cregister/cond046_out               | mfp_sys/top/cpu/core/siu/_siu_coldreset/q_reg[0]_1                                             |                8 |             11 |
|  clk_wiz_0/inst/clk_out1 | mfp_sys/top/cpu/core/mpc/mpc_ctl/_ie_pipe_out_50_0_/cregister/cregister/cond07_out                | mfp_sys/top/cpu/core/siu/_siu_coldreset/q_reg[0]_18                                            |                3 |             11 |
|  clk_wiz_0/inst/clk_out1 | mfp_sys/top/cpu/core/biu/_HADDR_31_0_/cregister/cregister/q_reg[0]_33[0]                          |                                                                                                |                2 |             11 |
|  clk_wiz_0/inst/clk_out1 | mfp_sys/top/cpu/core/mpc/mpc_ctl/_ie_pipe_out_50_0_/cregister/cregister/cond07_out_1              | mfp_sys/top/cpu/core/siu/_siu_coldreset/q_reg[0]_19                                            |                3 |             11 |
|  clk_wiz_0/inst/clk_out1 | mfp_sys/top/cpu/core/mpc/mpc_ctl/_ie_pipe_out_50_0_/cregister/cregister/cond012_out               | mfp_sys/top/cpu/core/siu/_siu_coldreset/q_reg[0]_15                                            |                6 |             12 |
|  clk_wiz_0/inst/clk_out1 |                                                                                                   | mfp_sys/top/cpu/core/dcc/_dcc_ev/q_reg[0]_2                                                    |                4 |             12 |
|  clk_wiz_0/inst/clk_out1 | mfp_sys/top/cpu/core/mpc/mpc_dec/_int_ir_e_31_0_/cregister/cregister/q_reg[0]_11                  |                                                                                                |                7 |             12 |
|  clk_wiz_0/inst/clk_out1 | mfp_sys/top/cpu/core/dcc/fb/_raw_fb_replinf_12_0_/cregister/cregister/cond024_out                 |                                                                                                |                7 |             12 |
|  clk_wiz_0/inst/clk_out1 | mfp_sys/top/cpu/core/siu/_siu_coldreset/q_reg[0]_12                                               |                                                                                                |                4 |             13 |
|  clk_wiz_0/inst/clk_out1 | mfp_sys/top/cpu/core/siu/_siu_coldreset/q_reg[0]_10                                               |                                                                                                |                4 |             13 |
|  clk_wiz_0/inst/clk_out1 | mfp_sys/top/cpu/core/mpc/mpc_exc/_exc_type_reg_5_0_/q_reg[1]_3                                    |                                                                                                |                7 |             13 |
|  clk_wiz_0/inst/clk_out1 | mfp_sys/top/cpu/core/mpc/mpc_dec/_int_ir_e_31_0_/cregister/cregister/mpc_rega_cond_i              |                                                                                                |                3 |             14 |
|  clk_wiz_0/inst/clk_out1 |                                                                                                   | mfp_sys/top/cpu/core/mpc/mpc_ctl/_mpc_pm_complete/q_reg[0]_0                                   |                5 |             14 |
|  clk_wiz_0/inst/clk_out1 | mfp_sys/top/cpu/core/mpc/mpc_ctl/_ie_pipe_out_50_0_/cregister/cregister/q_reg[28]_3               | mfp_sys/top/cpu/core/siu/_siu_coldreset/q_reg[0]_14                                            |                5 |             15 |
|  clk_wiz_0/inst/clk_out1 | mfp_sys/mfp_ahb_withloader/mfp_ahb/mfp_ahb_p_ram/E[0]                                             | mfp_sys/mfp_ahb_withloader/mfp_uart_receiver/CPU_RESETN                                        |                4 |             16 |
|  clk_wiz_0/inst/clk_out1 |                                                                                                   | mfp_sys/mfp_ahb_withloader/mfp_srec_parser/reg_address_reg[1]_0[0]                             |                4 |             16 |
|  clk_wiz_0/inst/clk_out1 |                                                                                                   | mfp_sys/mfp_ahb_withloader/mfp_srec_parser/reg_address_reg[1]_1                                |                5 |             16 |
|  clk_wiz_0/inst/clk_out1 | mfp_sys/top/cpu/core/dcc/_wt_req_w/q_reg[0]_4[0]                                                  | mfp_sys/top/cpu/core/siu/_siu_coldreset/q_reg[0]_1                                             |               11 |             16 |
|  clk_wiz_0/inst/clk_out1 | mfp_sys/top/cpu/core/dcc/fb/_sb_to_fb_stb_reg/q_reg[0]_3[0]                                       |                                                                                                |                9 |             16 |
|  clk_wiz_0/inst/clk_out1 | mfp_sys/top/cpu/core/dcc/fb/_sb_to_fb_stb_reg/E[0]                                                |                                                                                                |               13 |             16 |
|  clk_wiz_0/inst/clk_out1 | mfp_sys/top/cpu/core/dcc/_dccop_w/q_reg[0]_26                                                     |                                                                                                |                8 |             17 |
|  clk_wiz_0/inst/clk_out1 | mfp_sys/top/cpu/core/biu/_HADDR_31_0_/cregister/cregister/cond04_out                              | mfp_sys/top/cpu/core/siu/_siu_coldreset/q_reg[0]_1                                             |                3 |             21 |
|  tck                     | mfp_sys/top/cpu/core/ejt/ejt_tap/ejt_tck/_inst_reg41_4_1_/cond093_out                             |                                                                                                |                8 |             23 |
|  clk_wiz_0/inst/clk_out1 | mfp_sys/top/cpu/core/mmu/tlb_cpy/_random_4_0_/datawrclken1_16[1]                                  |                                                                                                |                8 |             27 |
|  clk_wiz_0/inst/clk_out1 | mfp_sys/top/cpu/core/mmu/tlb_cpy/_random_4_0_/datawrclken1_16[0]                                  |                                                                                                |               11 |             27 |
|  clk_wiz_0/inst/clk_out1 | mfp_sys/top/cpu/core/mmu/tlb_cpy/_random_4_0_/datawrclken0_16[11]                                 |                                                                                                |               11 |             27 |
|  clk_wiz_0/inst/clk_out1 | mfp_sys/top/cpu/core/mmu/tlb_cpy/_random_4_0_/datawrclken0_16[10]                                 |                                                                                                |                9 |             27 |
|  clk_wiz_0/inst/clk_out1 | mfp_sys/top/cpu/core/mmu/tlb_cpy/_random_4_0_/datawrclken1_16[2]                                  |                                                                                                |                9 |             27 |
|  clk_wiz_0/inst/clk_out1 | mfp_sys/top/cpu/core/mmu/tlb_cpy/_random_4_0_/datawrclken1_16[3]                                  |                                                                                                |               18 |             27 |
|  clk_wiz_0/inst/clk_out1 | mfp_sys/top/cpu/core/mmu/tlb_cpy/_random_4_0_/datawrclken0_16[8]                                  |                                                                                                |                6 |             27 |
|  clk_wiz_0/inst/clk_out1 | mfp_sys/top/cpu/core/mmu/tlb_cpy/_random_4_0_/datawrclken1_16[4]                                  |                                                                                                |                7 |             27 |
|  clk_wiz_0/inst/clk_out1 | mfp_sys/top/cpu/core/mmu/tlb_cpy/_random_4_0_/datawrclken1_16[5]                                  |                                                                                                |               13 |             27 |
|  clk_wiz_0/inst/clk_out1 | mfp_sys/top/cpu/core/mmu/tlb_cpy/_random_4_0_/datawrclken1_16[6]                                  |                                                                                                |               12 |             27 |
|  clk_wiz_0/inst/clk_out1 | mfp_sys/top/cpu/core/mmu/tlb_cpy/_random_4_0_/datawrclken1_16[12]                                 |                                                                                                |                4 |             27 |
|  clk_wiz_0/inst/clk_out1 | mfp_sys/top/cpu/core/mmu/tlb_cpy/_random_4_0_/datawrclken1_16[9]                                  |                                                                                                |                8 |             27 |
|  clk_wiz_0/inst/clk_out1 | mfp_sys/top/cpu/core/mmu/tlb_cpy/_random_4_0_/datawrclken1_16[7]                                  |                                                                                                |               22 |             27 |
|  clk_wiz_0/inst/clk_out1 | mfp_sys/top/cpu/core/mmu/tlb_cpy/_random_4_0_/datawrclken1_16[15]                                 |                                                                                                |               17 |             27 |
|  clk_wiz_0/inst/clk_out1 | mfp_sys/top/cpu/core/mmu/tlb_cpy/_random_4_0_/datawrclken1_16[8]                                  |                                                                                                |               10 |             27 |
|  clk_wiz_0/inst/clk_out1 | mfp_sys/top/cpu/core/mmu/tlb_cpy/_random_4_0_/datawrclken1_16[10]                                 |                                                                                                |               11 |             27 |
|  clk_wiz_0/inst/clk_out1 | mfp_sys/top/cpu/core/mmu/tlb_cpy/_random_4_0_/datawrclken1_16[14]                                 |                                                                                                |                9 |             27 |
|  clk_wiz_0/inst/clk_out1 | mfp_sys/top/cpu/core/mmu/tlb_cpy/_random_4_0_/datawrclken1_16[11]                                 |                                                                                                |               19 |             27 |
|  clk_wiz_0/inst/clk_out1 | mfp_sys/top/cpu/core/mmu/tlb_cpy/_random_4_0_/datawrclken1_16[13]                                 |                                                                                                |                4 |             27 |
|  clk_wiz_0/inst/clk_out1 | mfp_sys/top/cpu/core/mmu/tlb_cpy/_random_4_0_/datawrclken0_16[9]                                  |                                                                                                |                8 |             27 |
|  clk_wiz_0/inst/clk_out1 | mfp_sys/top/cpu/core/mpc/mpc_ctl/_m_pipe_out_46_0_/cregister/cregister/q_reg[9]_1[0]              |                                                                                                |               17 |             27 |
|  clk_wiz_0/inst/clk_out1 | mfp_sys/top/cpu/core/mmu/tlb_ctl/_rawcp0write_m/datawrclken0_16[3]                                |                                                                                                |                6 |             27 |
|  clk_wiz_0/inst/clk_out1 | mfp_sys/top/cpu/core/mmu/tlb_cpy/_random_4_0_/datawrclken0_16[7]                                  |                                                                                                |                7 |             27 |
|  clk_wiz_0/inst/clk_out1 | mfp_sys/top/cpu/core/mmu/tlb_ctl/_rawcp0write_m/datawrclken0_16[2]                                |                                                                                                |                7 |             27 |
|  clk_wiz_0/inst/clk_out1 | mfp_sys/top/cpu/core/mmu/tlb_ctl/_rawcp0write_m/datawrclken0_16[1]                                |                                                                                                |                7 |             27 |
|  clk_wiz_0/inst/clk_out1 | mfp_sys/top/cpu/core/mmu/tlb_ctl/_rawcp0write_m/datawrclken0_16[0]                                |                                                                                                |                9 |             27 |
|  clk_wiz_0/inst/clk_out1 | mfp_sys/top/cpu/core/mmu/tlb_cpy/_random_4_0_/datawrclken0_16[0]                                  |                                                                                                |                6 |             27 |
|  clk_wiz_0/inst/clk_out1 | mfp_sys/top/cpu/core/mmu/tlb_cpy/_random_4_0_/datawrclken0_16[1]                                  |                                                                                                |                8 |             27 |
|  clk_wiz_0/inst/clk_out1 | mfp_sys/top/cpu/core/mmu/tlb_cpy/_random_4_0_/datawrclken0_16[2]                                  |                                                                                                |                8 |             27 |
|  clk_wiz_0/inst/clk_out1 | mfp_sys/top/cpu/core/mmu/tlb_cpy/_random_4_0_/datawrclken0_16[3]                                  |                                                                                                |                8 |             27 |
|  clk_wiz_0/inst/clk_out1 | mfp_sys/top/cpu/core/mmu/tlb_cpy/_random_4_0_/datawrclken0_16[4]                                  |                                                                                                |                5 |             27 |
|  clk_wiz_0/inst/clk_out1 | mfp_sys/top/cpu/core/mmu/tlb_cpy/_random_4_0_/datawrclken0_16[5]                                  |                                                                                                |               11 |             27 |
|  clk_wiz_0/inst/clk_out1 | mfp_sys/top/cpu/core/mmu/tlb_cpy/_random_4_0_/datawrclken0_16[6]                                  |                                                                                                |               10 |             27 |
|  clk_wiz_0/inst/clk_out1 | mfp_sys/top/cpu/core/biu/_hready_reg/q_reg[0]_0                                                   | mfp_sys/top/cpu/core/siu/_siu_coldreset/q_reg[0]_1                                             |                9 |             28 |
|  clk_wiz_0/inst/clk_out1 | mfp_sys/top/cpu/core/biu/_HADDR_31_0_/cregister/cregister/q_reg[0]_9[0]                           |                                                                                                |                9 |             28 |
|  clk_wiz_0/inst/clk_out1 | mfp_sys/top/cpu/core/dcc/_dcc_ev/q_reg[0]_1[0]                                                    |                                                                                                |               11 |             28 |
|  clk_wiz_0/inst/clk_out1 | mfp_sys/top/cpu/core/biu/_HADDR_31_0_/cregister/cregister/q_reg[0]_6[0]                           |                                                                                                |                6 |             28 |
|  clk_wiz_0/inst/clk_out1 | mfp_sys/top/cpu/core/biu/_HADDR_31_0_/cregister/cregister/dbv_we_sel                              |                                                                                                |                5 |             28 |
|  clk_wiz_0/inst/clk_out1 | mfp_sys/top/cpu/core/biu/_HADDR_31_0_/cregister/cregister/q_reg[0]_11[0]                          |                                                                                                |               10 |             28 |
|  clk_wiz_0/inst/clk_out1 | mfp_sys/top/cpu/core/biu/_HADDR_31_0_/cregister/cregister/q_reg[0]_14[0]                          |                                                                                                |                8 |             28 |
|  clk_wiz_0/inst/clk_out1 | mfp_sys/top/cpu/core/biu/_HADDR_31_0_/cregister/cregister/q_reg[0]_16[0]                          |                                                                                                |               10 |             28 |
|  clk_wiz_0/inst/clk_out1 | mfp_sys/top/cpu/core/biu/_HADDR_31_0_/cregister/cregister/E[0]                                    |                                                                                                |                7 |             28 |
|  clk_wiz_0/inst/clk_out1 | mfp_sys/top/cpu/core/mpc/mpc_ctl/_ie_pipe_out_50_0_/cregister/cregister/q_reg[33]_0               |                                                                                                |               10 |             28 |
|  clk_wiz_0/inst/clk_out1 | mfp_sys/mfp_ahb_withloader/mfp_srec_parser/reg_address[28]_i_1_n_0                                |                                                                                                |               10 |             29 |
|  clk_wiz_0/inst/clk_out1 |                                                                                                   | mfp_sys/mfp_ahb_withloader/mfp_uart_receiver/CPU_RESETN                                        |               11 |             30 |
|  clk_wiz_0/inst/clk_out1 | mfp_sys/top/cpu/core/biu/_wrb_wd_cnt_1_0_/q_reg[0]_6[0]                                           |                                                                                                |               13 |             31 |
|  clk_wiz_0/inst/clk_out1 | mfp_sys/top/cpu/core/dcc/_wt_req_w/q_reg[0]_4[0]                                                  |                                                                                                |               13 |             31 |
|  clk_wiz_0/inst/clk_out1 | mfp_sys/top/cpu/core/mmu/tlb_ctl/_rawcp0write_m/tagwrclken_16[0]                                  |                                                                                                |               10 |             32 |
|  clk_wiz_0/inst/clk_out1 | mfp_sys/top/cpu/core/mpc/mpc_dec/_int_ir_e_31_0_/cregister/cregister/cond0                        |                                                                                                |               10 |             32 |
|  clk_wiz_0/inst/clk_out1 | mfp_sys/top/cpu/core/mpc/mpc_ctl/_ie_pipe_out_50_0_/cregister/cregister/q_reg[31]_1[0]            |                                                                                                |               13 |             32 |
|  clk_wiz_0/inst/clk_out1 | mfp_sys/mfp_ahb_withloader/mfp_uart_receiver/counter[0]_i_1_n_0                                   | mfp_sys/mfp_ahb_withloader/mfp_uart_receiver/CPU_RESETN                                        |                8 |             32 |
|  clk_wiz_0/inst/clk_out1 | mfp_sys/top/cpu/core/mmu/tlb_ctl/_rawcp0write_m/tagwrclken_16[3]                                  |                                                                                                |               11 |             32 |
|  clk_wiz_0/inst/clk_out1 | mfp_sys/top/cpu/core/mmu/tlb_ctl/_rawcp0write_m/tagwrclken_16[2]                                  |                                                                                                |               11 |             32 |
|  clk_wiz_0/inst/clk_out1 | mfp_sys/top/cpu/core/mpc/mpc_dec/_int_ir_e_31_0_/cregister/cregister/q[31]_i_2__37_0[0]           |                                                                                                |               13 |             32 |
|  clk_wiz_0/inst/clk_out1 | mfp_sys/top/cpu/core/mpc/mpc_dec/_int_ir_e_31_0_/cregister/cregister/q_reg[26]_7[0]               |                                                                                                |               20 |             32 |
|  clk_wiz_0/inst/clk_out1 | mfp_sys/top/cpu/core/mpc/mpc_dec/_int_ir_e_31_0_/cregister/cregister/q_reg[27]_0[0]               |                                                                                                |               15 |             32 |
|  clk_wiz_0/inst/clk_out1 | mfp_sys/top/cpu/core/mmu/tlb_ctl/_rawcp0write_m/tagwrclken_16[1]                                  |                                                                                                |               12 |             32 |
|  clk_wiz_0/inst/clk_out1 | mfp_sys/top/cpu/core/mpc/mpc_exc/_exc_type_reg_5_0_/mpc_jamtlb_w                                  |                                                                                                |               12 |             32 |
|  clk_wiz_0/inst/clk_out1 | mfp_sys/top/cpu/core/mmu/tlb_cpy/_random_4_0_/tagwrclken_16[0]                                    |                                                                                                |               11 |             32 |
|  clk_wiz_0/inst/clk_out1 | mfp_sys/top/cpu/core/mmu/tlb_cpy/_random_4_0_/tagwrclken_16[11]                                   |                                                                                                |               11 |             32 |
|  clk_wiz_0/inst/clk_out1 | mfp_sys/top/cpu/core/mmu/tlb_cpy/_random_4_0_/tagwrclken_16[10]                                   |                                                                                                |               12 |             32 |
|  clk_wiz_0/inst/clk_out1 | mfp_sys/top/cpu/core/mmu/tlb_cpy/_random_4_0_/tagwrclken_16[8]                                    |                                                                                                |               10 |             32 |
|  clk_wiz_0/inst/clk_out1 | mfp_sys/top/cpu/core/mmu/tlb_cpy/_random_4_0_/tagwrclken_16[7]                                    |                                                                                                |               10 |             32 |
|  clk_wiz_0/inst/clk_out1 | mfp_sys/top/cpu/core/mmu/tlb_cpy/_random_4_0_/tagwrclken_16[9]                                    |                                                                                                |                9 |             32 |
|  clk_wiz_0/inst/clk_out1 | mfp_sys/top/cpu/core/mmu/tlb_cpy/_random_4_0_/tagwrclken_16[6]                                    |                                                                                                |               13 |             32 |
|  clk_wiz_0/inst/clk_out1 | mfp_sys/top/cpu/core/mmu/tlb_cpy/_random_4_0_/tagwrclken_16[5]                                    |                                                                                                |               10 |             32 |
|  clk_wiz_0/inst/clk_out1 | mfp_sys/top/cpu/core/mmu/tlb_cpy/_random_4_0_/tagwrclken_16[4]                                    |                                                                                                |               14 |             32 |
|  clk_wiz_0/inst/clk_out1 | mfp_sys/top/cpu/core/mmu/tlb_cpy/_random_4_0_/tagwrclken_16[3]                                    |                                                                                                |               11 |             32 |
|  clk_wiz_0/inst/clk_out1 | mfp_sys/top/cpu/core/mmu/tlb_cpy/_random_4_0_/tagwrclken_16[2]                                    |                                                                                                |               12 |             32 |
|  clk_wiz_0/inst/clk_out1 | mfp_sys/top/cpu/core/mmu/tlb_cpy/_random_4_0_/tagwrclken_16[1]                                    |                                                                                                |               11 |             32 |
|  clk_wiz_0/inst/clk_out1 | mfp_sys/top/cpu/core/mpc/mpc_ctl/_ie_pipe_out_50_0_/cregister/cregister/q_reg[31]_0[0]            |                                                                                                |               19 |             32 |
|  clk_wiz_0/inst/clk_out1 | mfp_sys/top/cpu/core/mpc/mpc_ctl/_mpc_atomic_w/q_reg[12]_0[0]                                     |                                                                                                |                9 |             32 |
|  clk_wiz_0/inst/clk_out1 | mfp_sys/top/cpu/core/cpz/cpz_pc/alu_cp0_pc0/_pc_ctl_evt_reg_7_0_/cregister/register_inst/E[0]     |                                                                                                |               11 |             32 |
|  clk_wiz_0/inst/clk_out1 | mfp_sys/top/cpu/core/mpc/mpc_ctl/_ie_pipe_out_50_0_/cregister/cregister/mmu_transexc              |                                                                                                |               10 |             32 |
|  clk_wiz_0/inst/clk_out1 | mfp_sys/top/cpu/core/mpc/mpc_ctl/_ie_pipe_out_50_0_/cregister/cregister/q_reg[26]_rep__0_13[0]    |                                                                                                |               15 |             32 |
|  clk_wiz_0/inst/clk_out1 | mfp_sys/top/cpu/core/mpc/mpc_ctl/_ie_pipe_out_50_0_/cregister/cregister/q_reg[27]_3[0]            |                                                                                                |               11 |             32 |
|  clk_wiz_0/inst/clk_out1 | mfp_sys/top/cpu/core/mpc/mpc_ctl/_ie_pipe_out_50_0_/cregister/cregister/q_reg[28]_4[0]            |                                                                                                |               15 |             32 |
|  clk_wiz_0/inst/clk_out1 | mfp_sys/top/cpu/core/mpc/mpc_ctl/_ie_pipe_out_50_0_/cregister/cregister/q_reg[28]_5[0]            |                                                                                                |               12 |             32 |
|  clk_wiz_0/inst/clk_out1 | mfp_sys/top/cpu/core/mpc/mpc_ctl/_ie_pipe_out_50_0_/cregister/cregister/q_reg[29]_2[0]            |                                                                                                |                6 |             32 |
|  clk_wiz_0/inst/clk_out1 | mfp_sys/top/cpu/core/mdunit/mdl_ctl/_uc_reg_out_20_0_/cregister/register_inst/q_reg[4]_5[0]       |                                                                                                |               24 |             32 |
|  clk_wiz_0/inst/clk_out1 | mfp_sys/top/cpu/core/mpc/mpc_ctl/_m_pipe_out_46_0_/cregister/cregister/E[0]                       |                                                                                                |               12 |             32 |
|  clk_wiz_0/inst/clk_out1 | mfp_sys/top/cpu/core/mpc/mpc_ctl/_m_pipe_out_46_0_/cregister/cregister/q_reg[0]_4[0]              |                                                                                                |               14 |             32 |
|  clk_wiz_0/inst/clk_out1 | mfp_sys/top/cpu/core/mpc/mpc_ctl/_m_pipe_out_46_0_/cregister/cregister/q_reg[1]_0[0]              |                                                                                                |               13 |             32 |
|  clk_wiz_0/inst/clk_out1 | mfp_sys/top/cpu/core/mpc/mpc_ctl/_m_pipe_out_46_0_/cregister/cregister/q_reg[1]_1[0]              |                                                                                                |               13 |             32 |
|  clk_wiz_0/inst/clk_out1 | mfp_sys/top/cpu/core/mpc/mpc_ctl/_m_pipe_out_46_0_/cregister/cregister/q_reg[1]_2[0]              |                                                                                                |               21 |             32 |
|  clk_wiz_0/inst/clk_out1 | mfp_sys/top/cpu/core/mpc/mpc_ctl/_m_pipe_out_46_0_/cregister/cregister/q_reg[1]_3[0]              |                                                                                                |               13 |             32 |
|  clk_wiz_0/inst/clk_out1 | mfp_sys/top/cpu/core/mpc/mpc_ctl/_m_pipe_out_46_0_/cregister/cregister/q_reg[1]_4[0]              |                                                                                                |               23 |             32 |
|  clk_wiz_0/inst/clk_out1 | mfp_sys/top/cpu/core/biu/_greset_reg/new_data                                                     | mfp_sys/top/cpu/core/siu/_siu_coldreset/q_reg[0]_7                                             |                6 |             32 |
|  clk_wiz_0/inst/clk_out1 | mfp_sys/top/cpu/core/mdunit/mdl_ctl/_uc_reg_out_20_0_/cregister/register_inst/q[41]_i_1__1_0[0]   |                                                                                                |               11 |             32 |
|  clk_wiz_0/inst/clk_out1 | mfp_sys/top/cpu/core/mdunit/mdl_ctl/_uc_reg_out_20_0_/cregister/register_inst/E[0]                |                                                                                                |                9 |             32 |
|  clk_wiz_0/inst/clk_out1 | mfp_sys/top/cpu/core/cpz/cpz_pc/alu_cp0_pc1/_pc_ctl_evt_reg_7_0_/cregister/register_inst/E[0]     |                                                                                                |               13 |             32 |
|  clk_wiz_0/inst/clk_out1 | mfp_sys/top/cpu/core/dcc/fb/_raw_fb_replinf_12_0_/cregister/cregister/E[0]                        |                                                                                                |               24 |             32 |
|  clk_wiz_0/inst/clk_out1 | mfp_sys/top/cpu/core/dcc/fb/_raw_fb_replinf_12_0_/cregister/cregister/q_reg[0]_31[0]              |                                                                                                |               12 |             32 |
|  clk_wiz_0/inst/clk_out1 | mfp_sys/top/cpu/core/ejt/ejt_tap/ejt_tap_fdc/_last_read/cond0                                     | mfp_sys/top/cpu/core/ejt/ejt_tap/ejt_tap_fdc/_last_read/q_reg[0]_0                             |               13 |             32 |
|  clk_wiz_0/inst/clk_out1 | mfp_sys/top/cpu/core/dcc/fb/_raw_fb_replinf_12_0_/cregister/cregister/q_reg[0]_32[0]              |                                                                                                |               19 |             32 |
|  clk_wiz_0/inst/clk_out1 | mfp_sys/top/cpu/core/dcc/fb/_raw_fb_replinf_12_0_/cregister/cregister/q_reg[0]_6[0]               |                                                                                                |               19 |             32 |
|  clk_wiz_0/inst/clk_out1 | mfp_sys/top/cpu/core/ejt/ejt_area/_pre_done/E[0]                                                  |                                                                                                |               15 |             32 |
|  clk_wiz_0/inst/clk_out1 | mfp_sys/top/cpu/core/dcc/fb/_raw_fb_replinf_12_0_/cregister/cregister/q_reg[1]_0[0]               |                                                                                                |               21 |             32 |
|  clk_wiz_0/inst/clk_out1 | mfp_sys/top/cpu/core/dcc/fb/_ld_mtag_reg/q_reg[0]_11[0]                                           |                                                                                                |               12 |             32 |
|  clk_wiz_0/inst/clk_out1 | mfp_sys/top/cpu/core/dcc/_dccop_w/E[0]                                                            |                                                                                                |               11 |             32 |
|  clk_wiz_0/inst/clk_out1 | mfp_sys/top/cpu/core/dcc/_ev_dirtyway_reg_reg/cond047_out                                         |                                                                                                |               15 |             32 |
|  tck                     | mfp_sys/top/cpu/core/ejt/ejt_tap/ejt_tck/_inst_reg41_4_1_/E[0]                                    |                                                                                                |                9 |             32 |
|  tck                     | mfp_sys/top/cpu/core/ejt/ejt_tap/ejt_tck/_inst_reg41_4_1_/q_reg[0]_6[0]                           |                                                                                                |                8 |             32 |
|  clk_wiz_0/inst/clk_out1 | mfp_sys/top/cpu/core/mpc/mpc_ctl/_m_pipe_out_46_0_/cregister/cregister/q_reg[1]_6[0]              |                                                                                                |               17 |             32 |
|  clk_wiz_0/inst/clk_out1 | mfp_sys/top/cpu/core/mpc/mpc_ctl/_coptype_md_3_0_/q_reg[0]_11[0]                                  |                                                                                                |               23 |             32 |
|  clk_wiz_0/inst/clk_out1 | mfp_sys/top/cpu/core/mpc/mpc_ctl/_m_pipe_out_46_0_/cregister/cregister/q_reg[5]_9[0]              |                                                                                                |               21 |             32 |
|  clk_wiz_0/inst/clk_out1 | mfp_sys/top/cpu/core/biu/_dreq_a_st3_reg/E[0]                                                     |                                                                                                |               13 |             32 |
|  clk_wiz_0/inst/clk_out1 | mfp_sys/top/cpu/core/mpc/mpc_ctl/_m_pipe_out_46_0_/cregister/cregister/q_reg[5]_8[0]              |                                                                                                |               14 |             32 |
|  clk_wiz_0/inst/clk_out1 | mfp_sys/top/cpu/core/mpc/mpc_ctl/_m_pipe_out_46_0_/cregister/cregister/q_reg[5]_7[0]              |                                                                                                |               18 |             32 |
|  clk_wiz_0/inst/clk_out1 | mfp_sys/top/cpu/core/mpc/mpc_ctl/_m_pipe_out_46_0_/cregister/cregister/q_reg[5]_6[0]              |                                                                                                |               22 |             32 |
|  clk_wiz_0/inst/clk_out1 | mfp_sys/top/cpu/core/biu/_HADDR_31_0_/cregister/cregister/p_2_in3_in                              |                                                                                                |               10 |             32 |
|  clk_wiz_0/inst/clk_out1 | mfp_sys/top/cpu/core/mpc/mpc_ctl/_m_pipe_out_46_0_/cregister/cregister/q_reg[5]_5[0]              |                                                                                                |               20 |             32 |
|  clk_wiz_0/inst/clk_out1 | mfp_sys/top/cpu/core/mpc/mpc_ctl/_m_pipe_out_46_0_/cregister/cregister/q_reg[5]_4[0]              |                                                                                                |               20 |             32 |
|  clk_wiz_0/inst/clk_out1 | mfp_sys/top/cpu/core/mpc/mpc_ctl/_m_pipe_out_46_0_/cregister/cregister/q_reg[5]_3[0]              |                                                                                                |               18 |             32 |
|  clk_wiz_0/inst/clk_out1 | mfp_sys/top/cpu/core/biu/_ea_read/q_reg[0]_4[0]                                                   |                                                                                                |               24 |             32 |
|  clk_wiz_0/inst/clk_out1 | mfp_sys/top/cpu/core/mpc/mpc_ctl/_m_pipe_out_46_0_/cregister/cregister/q_reg[5]_2[0]              |                                                                                                |               18 |             32 |
|  clk_wiz_0/inst/clk_out1 | mfp_sys/top/cpu/core/mpc/mpc_ctl/_m_pipe_out_46_0_/cregister/cregister/q_reg[5]_10[0]             |                                                                                                |               13 |             32 |
|  clk_wiz_0/inst/clk_out1 | mfp_sys/top/cpu/core/mpc/mpc_ctl/_m_pipe_out_46_0_/cregister/cregister/q_reg[5]_1[0]              |                                                                                                |               22 |             32 |
|  clk_wiz_0/inst/clk_out1 | mfp_sys/top/cpu/core/mpc/mpc_ctl/_m_pipe_out_46_0_/cregister/cregister/q_reg[4]_1[0]              |                                                                                                |               21 |             32 |
|  clk_wiz_0/inst/clk_out1 | mfp_sys/top/cpu/core/mpc/mpc_ctl/_m_pipe_out_46_0_/cregister/cregister/q_reg[1]_5[0]              |                                                                                                |               15 |             32 |
|  clk_wiz_0/inst/clk_out1 | mfp_sys/top/cpu/core/mpc/mpc_ctl/_m_pipe_out_46_0_/cregister/cregister/q_reg[1]_7[0]              |                                                                                                |               18 |             32 |
|  clk_wiz_0/inst/clk_out1 | mfp_sys/top/cpu/core/mpc/mpc_ctl/_m_pipe_out_46_0_/cregister/cregister/q_reg[1]_8[0]              |                                                                                                |               22 |             32 |
|  clk_wiz_0/inst/clk_out1 | mfp_sys/top/cpu/core/mpc/mpc_ctl/_m_pipe_out_46_0_/cregister/cregister/q_reg[3]_0[0]              |                                                                                                |               18 |             32 |
|  clk_wiz_0/inst/clk_out1 | mfp_sys/top/cpu/core/mpc/mpc_ctl/_m_pipe_out_46_0_/cregister/cregister/q_reg[3]_1[0]              |                                                                                                |               15 |             32 |
|  clk_wiz_0/inst/clk_out1 | mfp_sys/top/cpu/core/mpc/mpc_ctl/_m_pipe_out_46_0_/cregister/cregister/q_reg[3]_2[0]              |                                                                                                |               18 |             32 |
|  clk_wiz_0/inst/clk_out1 | mfp_sys/top/cpu/core/mpc/mpc_ctl/_m_pipe_out_46_0_/cregister/cregister/q_reg[3]_3[0]              |                                                                                                |               20 |             32 |
|  clk_wiz_0/inst/clk_out1 | mfp_sys/top/cpu/core/mpc/mpc_ctl/_m_pipe_out_46_0_/cregister/cregister/q_reg[3]_4[0]              |                                                                                                |               18 |             32 |
|  clk_wiz_0/inst/clk_out1 | mfp_sys/top/cpu/core/mpc/mpc_ctl/_m_pipe_out_46_0_/cregister/cregister/q_reg[3]_5[0]              |                                                                                                |               22 |             32 |
|  clk_wiz_0/inst/clk_out1 | mfp_sys/top/cpu/core/mpc/mpc_ctl/_m_pipe_out_46_0_/cregister/cregister/q_reg[3]_6[0]              |                                                                                                |               19 |             32 |
|  clk_wiz_0/inst/clk_out1 | mfp_sys/top/cpu/core/mpc/mpc_ctl/_m_pipe_out_46_0_/cregister/cregister/q_reg[3]_7[0]              |                                                                                                |               21 |             32 |
|  clk_wiz_0/inst/clk_out1 | mfp_sys/top/cpu/core/mpc/mpc_ctl/_m_pipe_out_46_0_/cregister/cregister/q_reg[4]_0[0]              |                                                                                                |               19 |             32 |
|  clk_wiz_0/inst/clk_out1 | mfp_sys/top/cpu/core/mpc/mpc_ctl/_m_pipe_out_46_0_/cregister/cregister/q_reg[5]_0[0]              |                                                                                                |               21 |             32 |
|  clk_wiz_0/inst/clk_out1 |                                                                                                   | mfp_sys/top/cpu/core/siu/_siu_coldreset/q_reg[0]_1                                             |               14 |             33 |
|  clk_wiz_0/inst/clk_out1 | mfp_sys/top/cpu/core/mpc/mpc_exc/_mpc_auexc_x/q_reg[0]_1[0]                                       |                                                                                                |                8 |             34 |
|  clk_wiz_0/inst/clk_out1 | mfp_sys/top/cpu/core/dcc/_kill_sc_m/E[0]                                                          |                                                                                                |               11 |             34 |
|  clk_wiz_0/inst/clk_out1 | mfp_sys/top/cpu/core/dcc/_rd_req_enable/E[0]                                                      |                                                                                                |               10 |             35 |
|  tck                     | mfp_sys/top/cpu/core/ejt/ejt_tap/ejt_tck/fdctx_async_rec/_sync_data_vld/sync_sample_en_reset      | mfp_sys/top/cpu/core/ejt/ejt_tap/ejt_tck/_reset_tck/q_reg[0]_0                                 |                6 |             36 |
|  tck                     | mfp_sys/top/cpu/core/ejt/ejt_tap/ejt_tck/fdcrx_async_snd/_sync_sample_st_3_0_/E[0]                |                                                                                                |                6 |             36 |
|  clk_wiz_0/inst/clk_out1 | mfp_sys/top/cpu/core/dcc/_rd_req_enable/q_reg[0]_5                                                |                                                                                                |               15 |             36 |
|  clk_wiz_0/inst/clk_out1 | mfp_sys/top/cpu/core/ejt/ejt_tap/ejt_tap_fdc/rxfifo_async_rec/_sync_data_vld/sync_sample_en_reset | mfp_sys/top/cpu/core/siu/_siu_coldreset/q_reg[0]_1                                             |                6 |             36 |
|  clk_wiz_0/inst/clk_out1 | mfp_sys/top/cpu/core/icc/_ireq/q_reg[0]_0                                                         |                                                                                                |               14 |             36 |
|  clk_wiz_0/inst/clk_out1 | mfp_sys/top/cpu/core/dcc/_dcc_dmiss_m_ev_reg/mpc_run_w                                            |                                                                                                |               12 |             37 |
|  clk_wiz_0/inst/clk_out1 | mfp_sys/top/cpu/core/icc/_ireq/ld_tag                                                             |                                                                                                |               15 |             38 |
|  tck                     | mfp_sys/top/cpu/core/ejt/ejt_tap/ejt_tck/pcsam_async_rec/_data_rdy_sync1/sync_sample_en_reset     | mfp_sys/top/cpu/core/ejt/ejt_tap/ejt_tck/_reset_tck/q_reg[0]_0                                 |                8 |             40 |
|  tck                     | mfp_sys/top/cpu/core/ejt/ejt_tap/ejt_tck/dasam_async_rec/_data_rdy_sync1/sync_sample_en_reset     | mfp_sys/top/cpu/core/ejt/ejt_tap/ejt_tck/_reset_tck/q_reg[0]_0                                 |                8 |             40 |
|  clk_wiz_0/inst/clk_out1 | mfp_sys/top/cpu/core/ejt/ejt_area/_dase/E[0]                                                      |                                                                                                |                6 |             40 |
|  clk_wiz_0/inst/clk_out1 | mfp_sys/top/cpu/core/biu/_greset_reg/E[0]                                                         |                                                                                                |               21 |             40 |
|  clk_wiz_0/inst/clk_out1 | mfp_sys/top/cpu/core/ejt/ejt_area/_dase/q_reg[0]_1[0]                                             |                                                                                                |                9 |             40 |
|  clk_wiz_0/inst/clk_out1 | mfp_sys/top/cpu/core/ejt/ejt_area/_pc_im/q_reg[0]_2[0]                                            |                                                                                                |                6 |             40 |
|  clk_wiz_0/inst/clk_out1 | mfp_sys/top/cpu/core/ejt/ejt_tap/ejt_tap_dasam/_pending_sample_da/q_reg[0]_0                      |                                                                                                |                6 |             40 |
|  clk_wiz_0/inst/clk_out1 | mfp_sys/top/cpu/core/ejt/ejt_tap/ejt_tap_pcsam/_pending_sample_pc/E[0]                            |                                                                                                |                6 |             40 |
|  clk_wiz_0/inst/clk_out1 | mfp_sys/top/cpu/core/mpc/mpc_exc/_exc_type_reg_5_0_/q_reg[0]_8[0]                                 |                                                                                                |                7 |             40 |
|  tck                     |                                                                                                   |                                                                                                |               18 |             48 |
|  clk_wiz_0/inst/clk_out1 | mfp_sys/top/cpu/core/mmu/tlb_itlb/load_utlb[1]                                                    |                                                                                                |               15 |             61 |
|  clk_wiz_0/inst/clk_out1 | mfp_sys/top/cpu/core/mmu/tlb_itlb/load_utlb[0]                                                    |                                                                                                |               16 |             61 |
|  clk_wiz_0/inst/clk_out1 | mfp_sys/top/cpu/core/mmu/tlb_itlb/utlb/_lru1_1_0_/load_utlb[0]                                    |                                                                                                |               17 |             61 |
|  clk_wiz_0/inst/clk_out1 | mfp_sys/top/cpu/core/mmu/tlb_itlb/utlb/_lru1_1_0_/load_utlb[1]                                    |                                                                                                |               20 |             61 |
|  clk_wiz_0/inst/clk_out1 | mfp_sys/top/cpu/core/mmu/tlb_dtlb/utlb/_lru3_1_0_/load_utlb[2]                                    |                                                                                                |               20 |             63 |
|  clk_wiz_0/inst/clk_out1 | mfp_sys/top/cpu/core/mmu/tlb_dtlb/utlb/_lru3_1_0_/load_utlb[3]                                    |                                                                                                |               24 |             63 |
|  clk_wiz_0/inst/clk_out1 | mfp_sys/top/cpu/core/mmu/tlb_dtlb/utlb/_lru3_1_0_/load_utlb[1]                                    |                                                                                                |               19 |             63 |
|  clk_wiz_0/inst/clk_out1 | mfp_sys/top/cpu/core/mmu/tlb_dtlb/utlb/_lru3_1_0_/load_utlb[0]                                    |                                                                                                |               19 |             63 |
|  clk_wiz_0/inst/clk_out1 | mfp_sys/top/udi/_inst_s2_5_0_/cregister/cregister/q_reg[0]_0[0]                                   |                                                                                                |               29 |             64 |
|  clk_wiz_0/inst/clk_out1 | mfp_sys/top/cpu/core/mpc/mpc_dec/_int_ir_e_31_0_/cregister/cregister/q_reg[2]_11[0]               |                                                                                                |               22 |             64 |
|  clk_wiz_0/inst/clk_out1 | mfp_sys/top/udi/_run_udi_s1/E[0]                                                                  |                                                                                                |               24 |             70 |
|  tck                     | mfp_sys/top/cpu/core/ejt/ejt_tap/ejt_tck/_tap_ctrl_3_0_/q_reg[3]_2                                |                                                                                                |               19 |             74 |
|  tck                     | mfp_sys/top/cpu/core/ejt/ejt_tap/ejt_tck/_inst_reg41_4_1_/q_reg[3]_3[0]                           |                                                                                                |               27 |             82 |
|  clk_wiz_0/inst/clk_out1 | mfp_sys/top/cpu/core/dcc/_wt_req_w/q_reg[0]_rep_1[0]                                              |                                                                                                |               42 |            128 |
|  clk_wiz_0/inst/clk_out1 | mfp_sys/top/cpu/core/dcc/_fb_wb_idx_match_reg/mpc_run_m                                           |                                                                                                |               59 |            130 |
|  clk_wiz_0/inst/clk_out1 | mfp_sys/top/cpu/core/biu/_wr_buf_tag_b_reg_31_0_/cregister/cregister/q_reg[0]_0                   |                                                                                                |               37 |            144 |
|  clk_wiz_0/inst/clk_out1 | mfp_sys/top/cpu/core/mpc/mpc_dec/_int_ir_e_31_0_/cregister/cregister/q_reg[0]_2                   |                                                                                                |               75 |            212 |
|  clk_wiz_0/inst/clk_out1 |                                                                                                   |                                                                                                |              459 |           1141 |
+--------------------------+---------------------------------------------------------------------------------------------------+------------------------------------------------------------------------------------------------+------------------+----------------+


