#-----------------------------------------------------------
# Vivado v2019.1 (64-bit)
# SW Build 2552052 on Fri May 24 14:47:09 MDT 2019
# IP Build 2548770 on Fri May 24 18:01:18 MDT 2019
# Start of session at: Thu Sep 26 19:18:06 2019
# Process ID: 6276
# Current directory: /media/manuel/ExtraDrive1/URL/Hardware_Arquitecturas/Labs/MIPSfpga_Labs_v2.0/MIPSfpga_Labs/Labs/Xilinx/Part1_Intro/Lab01_Vivado/Project_1/Project_1.runs/clk_wiz_0_synth_1
# Command line: vivado -log clk_wiz_0.vds -product Vivado -mode batch -messageDb vivado.pb -notrace -source clk_wiz_0.tcl
# Log file: /media/manuel/ExtraDrive1/URL/Hardware_Arquitecturas/Labs/MIPSfpga_Labs_v2.0/MIPSfpga_Labs/Labs/Xilinx/Part1_Intro/Lab01_Vivado/Project_1/Project_1.runs/clk_wiz_0_synth_1/clk_wiz_0.vds
# Journal file: /media/manuel/ExtraDrive1/URL/Hardware_Arquitecturas/Labs/MIPSfpga_Labs_v2.0/MIPSfpga_Labs/Labs/Xilinx/Part1_Intro/Lab01_Vivado/Project_1/Project_1.runs/clk_wiz_0_synth_1/vivado.jou
#-----------------------------------------------------------
source clk_wiz_0.tcl -notrace
